error TS6059: File 'C:/Users/tanaka.majuru/Downloads/SAAS DOCS/Governance SaaS Application/backend/seeds/001_superadmin.ts' is not under 'rootDir' 'C:/Users/tanaka.majuru/Downloads/SAAS DOCS/Governance SaaS Application/backend/src'. 'rootDir' is expected to contain all source files.
  The file is in the program because:
    Matched by include pattern 'seeds/**/*' in 'C:/Users/tanaka.majuru/Downloads/SAAS DOCS/Governance SaaS Application/backend/tsconfig.json'
